                       22222222222    222                                                                                                                                                   222222222222222                         3333333333333333333333333333333333333333                                                                                                                                             21                                                  wwww                                   
                      2222225222222  22522                                                                                                                                                   222222222222222                       322222      233222222222222222222333332323                                                                                                                                            22111                                               wwww                                   
                      2222552222222 2252222                                                                                                                                                 2255222222225522                     3322222    3    3      222222222222222222223                                                                                                                                             332211                                             wwww       55555555      55555555      
                      2225222222222 2525552                                                                                                                                                  225552222255222                    3322223    3     3        32222232222223322233                                                                                                                                              32211                                            wwww       5             5             
                       25252255522   222222                                                                                                                                                    225222255222                    322222233   3     333      3 2222332222222322233                                                                                                                                              322211                                          wwww       5             5             
                        222525222    25                                                                                                                                                         2255552222                    3222222  3   3        3    33  2222 33322223322233                                                                                                                                  1111       3333221                                         wwww       5             5             
                          22522       5                                                                                                                                                           5555222                  333322       3                             22223333233                                                                                                                                122221         33321111                                     wwww       5             5             
                            5                                                                                                                                                                       55                     3222                                         2222222233                                                                                                                              12222222          3332221                                    wwww       5   5555      5   5555      
                            5                                              1111111                                                                                                                                       1132                                                222223                                                                                                                        1111122232233            332221                                   wwww       5      5      5      5      
                                                                          12222222                                                                                                       555                            1122                                                 2222233                                                                                                                     1122222222233323             33221                                  wwww       5      5      5      5      
                                                                       c 1122222221                                                                                                    55555                           1122                                                       22                                                                                                                1111122333333332322323             333211                                wwww       5      5      5      5      
                            5   cc    5             c                  1112222222221                                                     c                                     555    555555    555                   1122          2222222                      22222   c                                                                                                                      1111222222232222222232232233              322                       c        wwww       55555555      55555555      
                            555555555555            55                12222222222222                   5           5            5        5                       5            5555    555555    555555        c                   2222222222  c                  22222222222                           5          5         5          5               5              5                    1111122222222222222222222322322223                                     11111      wwww                                   
                            555222222255           5555              1222222222222221                  5           5            5        5         5             5            5555    555555    555555                           22222222222222                   22222222222                         555        555       555        555             555            555              111112222222233333322222333323322333333333332    c                         1222221     wwww                                   
111111111111111111111111111522222222222251111111111111111111121222122222222222222222211111111111111111111111111111111111111111111111111111111111   555    11111111111111111111111111111111111111111111111111111111111122222222222222222222222222     2222222222222222222222222222222222222211111111111111111111111111111111111111111111111111111111111111111111111111111111111111111112222222222222322222222222233333333222222222222211111111111111111111111    122222221  11111111111111111111111111111111111111111