                                                                           
                                                                           
                                                                           
                                                                           
                                                                           
                                                                           
                                                                           
                                                                           
                                                                           
                                              5555                         
                                               55                          
                                        11     55                          
                      22              1122    5555                         
                     2222           112222     55                          
111111111111111   2222222222   11111222222     55     111111111111    11111
