                  5555555555             55              5                 
                   555555 55             55              5                 
                     55   55             55            55555               
                          55           55555                               
                          55                55                             
                        555555                                             
                                                                           
                                                                           
                                                                           
                    55                   55555               555555        
                    55                    55555               5555         
                  55555555                 5555555             55          
               5555555         5555555       555      555555   55          
              55555555            5          55         55     55          
111111111111155444555544444444444454444444444554444444445544444554441111111